价格/全收益配对品种 10 个 | 区间 2005-01 ~ 2026-08 | 月数 260
品种: 中证红利, 上证红利, 300红利, 国企红利, 央企红利, 红利低波, 红利低波100, 沪深300, 中证500, 中证1000

================================================================================================
【核心】红利族 分红贡献(全收益 - 价格) 的月份分布   单位: %
================================================================================================
  月      分红贡献%       占全年比重%     样本年
  1      0.035          1.0    21.0
  2      0.016          0.4    21.0
  3      0.011          0.3    21.0
  4      0.111          3.1    21.0
  5      0.419         11.7    21.0
  6      1.311         36.5    21.0
  7      1.342         37.4    21.0
  8      0.168          4.7    21.0
  9      0.101          2.8    20.0
 10      0.040          1.1    20.0
 11      0.021          0.6    20.0
 12      0.018          0.5    20.0
 合计      3.593        100.0

--- 各红利指数: 年化分红率 / 分红最集中月 ---
中证红利         年化分红  3.57%   集中月: 6月 1.31%, 7月 1.09%
上证红利         年化分红  3.96%   集中月: 6月 1.46%, 7月 1.32%
300红利        年化分红  3.78%   集中月: 7月 1.55%, 6月 1.26%
国企红利         年化分红  3.65%   集中月: 6月 1.36%, 7月 1.33%
央企红利         年化分红  3.49%   集中月: 7月 1.58%, 6月 1.20%
红利低波         年化分红  3.78%   集中月: 6月 1.38%, 7月 1.34%
红利低波100      年化分红  3.36%   集中月: 6月 1.21%, 7月 1.19%

--- 中证红利 [价格指数] ---
  月     均值%     中位%     去年度%     去共性%    胜率%     涨/跌      t     最差%     最好%
  1    0.55    1.16    -0.26    -0.25   55.011.0/9.0  -0.16   -21.6    21.1
  2    3.26    3.11     2.21    -0.17   76.216.0/5.0   2.34    -5.6    11.6
  3    1.07    0.25     0.01    -0.23   57.112.0/9.0   0.01   -21.0    18.3
  4    3.00    2.21     1.94    -0.05   52.411.0/10.0   1.26    -8.0    32.1
  5    0.97    0.82    -0.09    -0.12   52.411.0/10.0  -0.08    -8.6    16.3
  6   -3.85   -1.40    -4.90     0.11   33.37.0/14.0  -3.62   -25.1     8.7
  7    2.40    0.50     1.35    -0.07   52.411.0/10.0   0.71   -15.1    25.3
  8   -1.42    0.97    -2.47     0.04   57.112.0/9.0  -1.30   -23.2    17.5
  9    1.19    0.24     0.12     0.02   55.011.0/9.0   0.10    -7.3    15.2
 10   -0.14    0.75    -1.22     0.21   55.011.0/9.0  -0.72   -26.7    14.3
 11    2.49    1.45     1.42    -0.01   65.013.0/7.0   0.68   -17.7    17.1
 12    3.07    0.92     2.00    -0.06   55.011.0/9.0   1.36    -6.4    19.6


--- 中证红利 [全收益指数] ---
  月     均值%     中位%     去年度%     去共性%    胜率%     涨/跌      t     最差%     最好%
  1    0.93    2.21    -0.43    -0.22   57.112.0/9.0  -0.28   -21.6    21.1
  2    3.28    3.13     1.92    -0.16   76.216.0/5.0   2.01    -5.6    11.6
  3    1.08    0.25    -0.28    -0.22   57.112.0/9.0  -0.19   -21.0    18.3
  4    3.13    2.35     1.77     0.08   57.112.0/9.0   1.14    -7.9    32.2
  5    1.55    1.33     0.19     0.46   57.112.0/9.0   0.19    -8.0    17.3
  6   -2.54    0.06    -3.90     1.42   52.411.0/10.0  -2.82   -24.4     9.5
  7    3.49    1.99     2.13     1.01   57.112.0/9.0   1.12   -14.4    25.9
  8   -1.26    1.10    -2.62     0.20   57.112.0/9.0  -1.38   -23.2    17.6
  9    1.31    0.39    -0.07     0.14   60.012.0/8.0  -0.06    -7.3    15.5
 10   -0.11    0.82    -1.49     0.24   55.011.0/9.0  -0.87   -26.7    14.3
 11    2.51    1.53     1.14     0.01   65.013.0/7.0   0.55   -17.7    17.1
 12    3.09    0.93     1.72    -0.04   55.011.0/9.0   1.16    -6.4    19.6


--- 上证红利 [价格指数] ---
  月     均值%     中位%     去年度%     去共性%    胜率%     涨/跌      t     最差%     最好%
  1    0.34    1.72    -0.27    -0.46   55.011.0/9.0  -0.16   -20.1    18.4
  2    2.61    3.33     1.74    -0.83   76.216.0/5.0   1.92    -5.2     9.5
  3    0.95    0.88     0.09    -0.35   57.112.0/9.0   0.06   -23.5    17.4
  4    2.91    0.60     2.04    -0.14   57.112.0/9.0   1.29    -8.5    30.9
  5    0.28   -0.33    -0.59    -0.81   47.610.0/11.0  -0.66    -9.3    14.2
  6   -4.06   -1.26    -4.92    -0.10   33.37.0/14.0  -3.42   -26.8     8.7
  7    2.21    1.57     1.34    -0.27   57.112.0/9.0   0.71   -15.2    25.4
  8   -1.19   -0.73    -2.06     0.27   42.99.0/12.0  -1.08   -23.8    19.5
  9    1.14    0.69     0.31    -0.03   60.012.0/8.0   0.29    -6.0    13.9
 10   -0.23    0.72    -1.06     0.13   60.012.0/8.0  -0.62   -28.6    13.4
 11    2.22    0.70     1.39    -0.29   55.011.0/9.0   0.66   -17.4    20.1
 12    2.94    0.02     2.11    -0.20   50.010.0/10.0   1.42    -6.3    21.0


--- 上证红利 [全收益指数] ---
  月     均值%     中位%     去年度%     去共性%    胜率%     涨/跌      t     最差%     最好%
  1    0.70    3.10    -0.50    -0.42   57.112.0/9.0  -0.32   -20.1    18.4
  2    2.62    3.33     1.42    -0.82   76.216.0/5.0   1.56    -5.2     9.5
  3    0.96    0.88    -0.24    -0.34   57.112.0/9.0  -0.16   -23.5    17.4
  4    2.98    0.76     1.78    -0.07   61.913.0/8.0   1.11    -8.5    31.1
  5    0.91    0.57    -0.29    -0.18   57.112.0/9.0  -0.32    -8.4    16.0
  6   -2.60    0.38    -3.80     1.36   52.411.0/10.0  -2.58   -26.0     9.6
  7    3.52    2.03     2.32     1.05   61.913.0/8.0   1.23   -14.2    25.9
  8   -1.05   -0.63    -2.26     0.40   47.610.0/11.0  -1.18   -23.8    19.6
  9    1.29    0.74     0.13     0.12   65.013.0/7.0   0.12    -5.9    14.2
 10   -0.19    0.72    -1.35     0.17   60.012.0/8.0  -0.79   -28.6    13.4
 11    2.23    0.70     1.07    -0.27   55.011.0/9.0   0.52   -17.4    20.1
 12    2.95    0.02     1.79    -0.18   50.010.0/10.0   1.21    -6.3    21.0


--- 300红利 [价格指数] ---
  月     均值%     中位%     去年度%     去共性%    胜率%     涨/跌      t     最差%     最好%
  1    1.17    0.58     0.29     0.38   60.012.0/8.0   0.17   -17.9    24.1
  2    3.01    2.06     1.87    -0.43   76.216.0/5.0   1.91    -6.6    16.0
  3    0.91    0.68    -0.22    -0.39   52.411.0/10.0  -0.18   -20.0    17.0
  4    3.02    0.06     1.88    -0.03   52.411.0/10.0   1.11    -7.5    37.0
  5    0.73    0.26    -0.41    -0.36   52.411.0/10.0  -0.39    -9.9    18.9
  6   -3.37   -0.72    -4.50     0.59   47.610.0/11.0  -2.98   -25.2     7.0
  7    2.36    0.06     1.23    -0.11   52.411.0/10.0   0.61   -16.2    26.9
  8   -1.87   -0.63    -3.01    -0.41   47.610.0/11.0  -1.66   -23.7    16.5
  9    1.75    1.30     0.58     0.58   65.013.0/7.0   0.53    -7.2    15.5
 10    0.06    1.59    -1.12     0.41   60.012.0/8.0  -0.64   -23.7    14.3
 11    2.08    0.44     0.90    -0.43   55.011.0/9.0   0.45   -15.5    14.1
 12    3.84    1.06     2.66     0.70   55.011.0/9.0   1.55    -6.7    28.3


--- 300红利 [全收益指数] ---
  月     均值%     中位%     去年度%     去共性%    胜率%     涨/跌      t     最差%     最好%
  1    1.82    0.74     0.34     0.42   61.913.0/8.0   0.21   -17.9    24.1
  2    3.02    2.06     1.54    -0.42   76.216.0/5.0   1.54    -6.6    16.0
  3    0.92    0.68    -0.57    -0.39   52.411.0/10.0  -0.45   -20.0    17.0
  4    3.16    0.17     1.68     0.11   52.411.0/10.0   0.98    -7.4    37.2
  5    1.06    0.51    -0.42    -0.03   57.112.0/9.0  -0.41    -9.3    19.4
  6   -2.10    0.61    -3.59     1.86   57.112.0/9.0  -2.34   -24.5     7.9
  7    3.92    2.07     2.43     1.44   66.714.0/7.0   1.22   -14.9    27.2
  8   -1.70   -0.30    -3.18    -0.24   47.610.0/11.0  -1.76   -23.7    16.5
  9    1.85    1.42     0.33     0.68   65.013.0/7.0   0.30    -7.0    15.5
 10    0.11    1.68    -1.40     0.47   60.012.0/8.0  -0.80   -23.7    14.3
 11    2.11    0.44     0.59    -0.40   60.012.0/8.0   0.30   -15.5    14.1
 12    3.86    1.06     2.35     0.73   55.011.0/9.0   1.37    -6.7    28.3


--- 国企红利 [价格指数] ---
  月     均值%     中位%     去年度%     去共性%    胜率%     涨/跌      t     最差%     最好%
  1    0.83    0.08    -0.09     0.04   50.010.0/10.0  -0.06   -18.0    23.1
  2    3.58    3.46     2.45     0.14   76.216.0/5.0   2.19    -6.1    14.2
  3    1.55    0.70     0.43     0.25   61.913.0/8.0   0.34   -19.3    16.6
  4    3.12    0.38     1.99     0.07   57.112.0/9.0   1.23    -7.3    32.2
  5    0.93    0.55    -0.20    -0.16   57.112.0/9.0  -0.21    -7.5    16.8
  6   -4.31   -1.64    -5.44    -0.35   19.04.0/17.0  -3.64   -26.9     7.2
  7    2.42    1.39     1.29    -0.06   61.913.0/8.0   0.70   -17.2    21.8
  8   -1.18    0.64    -2.31     0.28   52.411.0/10.0  -1.19   -22.5    20.1
  9    1.05    0.93    -0.11    -0.12   60.012.0/8.0  -0.10    -8.0    15.8
 10   -0.38    0.23    -1.54    -0.03   55.011.0/9.0  -0.89   -25.6    11.8
 11    2.68    1.19     1.53     0.17   65.013.0/7.0   0.80   -14.0    13.0
 12    3.23    0.02     2.07     0.09   50.010.0/10.0   1.25    -5.9    28.0


--- 国企红利 [全收益指数] ---
  月     均值%     中位%     去年度%     去共性%    胜率%     涨/跌      t     最差%     最好%
  1    1.50    1.96     0.03     0.07   52.411.0/10.0   0.02   -18.0    23.1
  2    3.60    3.68     2.13     0.16   76.216.0/5.0   1.88    -6.1    14.2
  3    1.57    0.70     0.10     0.27   61.913.0/8.0   0.08   -19.3    16.6
  4    3.23    0.38     1.76     0.18   57.112.0/9.0   1.08    -7.3    32.4
  5    1.33    0.70    -0.14     0.24   66.714.0/7.0  -0.15    -7.2    17.4
  6   -2.95    0.22    -4.42     1.01   52.411.0/10.0  -2.87   -26.4     8.1
  7    3.75    2.57     2.28     1.27   66.714.0/7.0   1.23   -16.0    22.4
  8   -0.98    0.78    -2.45     0.47   57.112.0/9.0  -1.27   -22.5    20.1
  9    1.10    0.97    -0.38    -0.07   60.012.0/8.0  -0.35    -7.9    15.9
 10   -0.35    0.29    -1.84     0.00   60.012.0/8.0  -1.06   -25.6    11.8
 11    2.70    1.20     1.21     0.19   65.013.0/7.0   0.64   -14.0    13.0
 12    3.24    0.02     1.75     0.11   50.010.0/10.0   1.06    -5.9    28.0


--- 央企红利 [价格指数] ---
  月     均值%     中位%     去年度%     去共性%    胜率%     涨/跌      t     最差%     最好%
  1    1.37    2.50     0.47     0.57   55.011.0/9.0   0.28   -17.7    23.9
  2    2.94    2.60     1.80    -0.50   76.216.0/5.0   1.73    -6.3    14.0
  3    0.98    0.84    -0.16    -0.33   71.415.0/6.0  -0.11   -24.8    17.4
  4    3.45   -0.16     2.32     0.40   47.610.0/11.0   1.30    -6.3    34.8
  5    0.76    0.56    -0.37    -0.32   52.411.0/10.0  -0.37    -8.6    19.5
  6   -4.87   -1.37    -6.01    -0.91   19.04.0/17.0  -3.64   -27.7     4.0
  7    2.94    2.25     1.80     0.46   57.112.0/9.0   1.02   -15.3    24.3
  8   -1.56    0.43    -2.70    -0.11   52.411.0/10.0  -1.36   -24.8    17.4
  9    1.51    0.75     0.35     0.34   55.011.0/9.0   0.36    -6.6    15.0
 10   -0.60    1.09    -1.77    -0.25   55.011.0/9.0  -0.98   -29.9    12.7
 11    2.69    0.49     1.52     0.18   55.011.0/9.0   0.67   -17.4    18.5
 12    4.06    0.75     2.90     0.93   50.010.0/10.0   1.57    -5.5    34.6


--- 央企红利 [全收益指数] ---
  月     均值%     中位%     去年度%     去共性%    胜率%     涨/跌      t     最差%     最好%
  1    1.77    2.60     0.34     0.60   57.112.0/9.0   0.21   -17.7    23.9
  2    2.94    2.62     1.50    -0.50   76.216.0/5.0   1.43    -6.3    14.0
  3    1.00    0.84    -0.44    -0.30   71.415.0/6.0  -0.32   -24.8    17.4
  4    3.49   -0.16     2.05     0.44   47.610.0/11.0   1.14    -6.3    34.8
  5    1.00    0.73    -0.44    -0.09   52.411.0/10.0  -0.45    -8.3    20.0
  6   -3.68   -0.26    -5.11     0.28   38.18.0/13.0  -3.07   -26.7     5.0
  7    4.52    3.37     3.08     2.04   71.415.0/6.0   1.77   -13.9    24.7
  8   -1.44    0.57    -2.88     0.02   52.411.0/10.0  -1.45   -24.8    17.4
  9    1.62    0.92     0.16     0.45   55.011.0/9.0   0.16    -6.5    15.0
 10   -0.54    1.14    -2.01    -0.19   55.011.0/9.0  -1.11   -29.9    12.7
 11    2.70    0.58     1.23     0.19   55.011.0/9.0   0.55   -17.4    18.5
 12    4.08    0.75     2.62     0.95   50.010.0/10.0   1.42    -5.5    34.6


--- 红利低波 [价格指数] ---
  月     均值%     中位%     去年度%     去共性%    胜率%     涨/跌      t     最差%     最好%
  1    0.79   -0.71    -0.21    -0.00   45.09.0/11.0  -0.15   -18.4    21.7
  2    3.29    3.59     2.08    -0.15   81.017.0/4.0   2.19    -5.7    14.1
  3    2.25    1.51     1.04     0.95   66.714.0/7.0   0.89   -17.5    15.5
  4    3.58    0.43     2.38     0.54   52.411.0/10.0   1.54    -3.5    36.0
  5    1.68    0.91     0.47     0.59   57.112.0/9.0   0.43    -7.2    18.1
  6   -4.65   -3.34    -5.86    -0.69   33.37.0/14.0  -3.83   -25.2     6.6
  7    1.87    0.36     0.67    -0.60   57.112.0/9.0   0.36   -15.6    22.0
  8   -0.79   -0.45    -2.00     0.67   47.610.0/11.0  -1.12   -20.2    16.6
  9    1.26    1.48    -0.01     0.09   65.013.0/7.0  -0.01    -8.0    12.1
 10   -0.54    1.64    -1.81    -0.19   65.013.0/7.0  -1.14   -23.4     9.7
 11    3.03    1.58     1.76     0.53   75.015.0/5.0   0.98   -12.0    13.7
 12    2.81    0.74     1.54    -0.32   55.011.0/9.0   1.03    -7.3    20.7


--- 红利低波 [全收益指数] ---
  月     均值%     中位%     去年度%     去共性%    胜率%     涨/跌      t     最差%     最好%
  1    1.44   -0.31    -0.12     0.05   47.610.0/11.0  -0.09   -18.4    21.7
  2    3.32    3.59     1.76    -0.12   81.017.0/4.0   1.83    -5.7    14.1
  3    2.26    1.51     0.70     0.95   66.714.0/7.0   0.59   -17.5    15.5
  4    3.74    0.51     2.19     0.70   52.411.0/10.0   1.41    -3.5    36.2
  5    2.08    1.67     0.52     0.99   57.112.0/9.0   0.49    -6.5    18.5
  6   -3.27   -1.29    -4.83     0.69   42.99.0/12.0  -3.07   -24.4     7.7
  7    3.22    1.25     1.66     0.74   61.913.0/8.0   0.91   -14.4    22.5
  8   -0.61   -0.19    -2.16     0.85   47.610.0/11.0  -1.21   -20.2    16.7
  9    1.35    1.48    -0.26     0.18   65.013.0/7.0  -0.26    -8.0    12.4
 10   -0.51    1.66    -2.13    -0.16   65.013.0/7.0  -1.34   -23.4     9.7
 11    3.06    1.69     1.45     0.55   75.015.0/5.0   0.81   -12.0    13.7
 12    2.83    0.74     1.22    -0.30   55.011.0/9.0   0.82    -7.3    20.7


--- 红利低波100 [价格指数] ---
  月     均值%     中位%     去年度%     去共性%    胜率%     涨/跌      t     最差%     最好%
  1    0.44    0.56    -0.57    -0.36   50.010.0/10.0  -0.39   -19.1    23.1
  2    3.29    2.86     2.08    -0.15   76.216.0/5.0   2.20    -5.2    14.2
  3    2.28    1.15     1.07     0.98   66.714.0/7.0   0.86   -16.6    16.0
  4    3.05    0.15     1.85     0.01   52.411.0/10.0   1.15    -6.3    37.9
  5    1.21    0.82     0.01     0.12   57.112.0/9.0   0.01    -7.7    20.6
  6   -4.16   -2.46    -5.37    -0.20   23.85.0/16.0  -3.44   -23.9     8.1
  7    2.65    1.75     1.45     0.18   61.913.0/8.0   0.87   -12.4    18.8
  8   -1.18   -0.35    -2.39     0.28   47.610.0/11.0  -1.54   -17.6    16.4
  9    1.15   -0.12    -0.13    -0.02   45.09.0/11.0  -0.13    -7.5    15.4
 10   -0.04    0.34    -1.33     0.31   55.011.0/9.0  -0.85   -23.3     9.6
 11    2.80    1.86     1.52     0.30   70.014.0/6.0   0.88   -10.2    13.7
 12    3.17    0.57     1.89     0.04   50.010.0/10.0   1.31    -5.0    25.3


--- 红利低波100 [全收益指数] ---
  月     均值%     中位%     去年度%     去共性%    胜率%     涨/跌      t     最差%     最好%
  1    0.93    1.37    -0.58    -0.33   52.411.0/10.0  -0.40   -19.1    23.1
  2    3.31    2.86     1.80    -0.13   76.216.0/5.0   1.88    -5.2    14.2
  3    2.29    1.15     0.78     0.98   66.714.0/7.0   0.62   -16.6    16.0
  4    3.17    0.25     1.66     0.12   52.411.0/10.0   1.02    -6.2    38.0
  5    1.58    1.34     0.07     0.49   61.913.0/8.0   0.07    -7.4    20.9
  6   -2.95   -0.83    -4.46     1.01   47.610.0/11.0  -2.80   -23.3     8.9
  7    3.84    2.82     2.33     1.36   71.415.0/6.0   1.40   -11.7    19.5
  8   -0.98    0.25    -2.48     0.48   52.411.0/10.0  -1.60   -17.6    16.4
  9    1.24   -0.05    -0.34     0.07   50.010.0/10.0  -0.32    -7.4    15.8
 10   -0.01    0.35    -1.59     0.35   60.012.0/8.0  -1.02   -23.3     9.6
 11    2.83    1.91     1.25     0.32   70.014.0/6.0   0.72   -10.2    13.7
 12    3.19    0.57     1.61     0.06   50.010.0/10.0   1.11    -5.0    25.3


================================================================================================
【核心】红利族平均 12 月效应: 价格口径 vs 全收益口径
================================================================================================
  月     价格均%     全收益均%    差(分红)%     价格胜率%     全收益胜率%
  1     0.78      1.30     0.035      52.9       55.1
  2     3.14      3.15     0.016      76.9       76.9
  3     1.43      1.44     0.011      61.9       61.9
  4     3.16      3.27     0.111      53.1       54.4
  5     0.94      1.36     0.419      53.7       58.5
  6    -4.18     -2.87     1.311      29.9       49.0
  7     2.41      3.75     1.342      57.1       65.3
  8    -1.31     -1.15     0.168      49.7       51.7
  9     1.29      1.40     0.101      57.9       60.0
 10    -0.27     -0.23     0.040      57.9       59.3
 11     2.57      2.59     0.021      62.9       63.6
 12     3.30      3.32     0.018      52.1       52.1

================================================================================================
【核心】红利族相对全市场超额(去市场共性), 按价格/全收益口径
================================================================================================
  月      超额(价格)%       超额(全收益)%
  1        -0.01           0.86
  2        -0.30          -2.79
  3         0.13           0.31
  4         0.11           1.04
  5        -0.15          -1.07
  6        -0.22          -1.06
  7        -0.07           1.25
  8         0.14          -0.67
  9         0.12           0.52
 10         0.09           0.24
 11         0.06           0.57
 12         0.17           1.87

================================================================================================
【稳健性】中证红利 各月平均(价格口径) 分段对比
================================================================================================
中证红利: 年化 20.77%(2005-2014) -> 6.2%
    2005-2014: 1月   2.79%  6月  -5.94%  7月   5.46%  12月   6.64%
    2015-2026: 1月  -0.95%  6月  -2.28%  7月   0.10%  12月   0.16%
上证红利: 年化 17.51%(2005-2014) -> 4.28%
    2005-2014: 1月   2.17%  6月  -6.89%  7月   5.25%  12月   6.62%
    2015-2026: 1月  -0.88%  6月  -1.93%  7月  -0.07%  12月  -0.08%

================================================================================================
【明细】中证红利 6月(价格) vs 6月(全收益) vs 12月 逐年
================================================================================================
    年     6月价格%      6月全收益%     6月分红%     7月价格%     7月分红%
 2006      0.59        2.30      1.71     -8.21      0.36
 2007     -6.09       -5.37      0.72     20.19      0.27
 2008    -25.13      -24.40      0.73     -0.44      0.28
 2009      8.67        9.52      0.84     25.30      0.55
 2010     -9.39       -8.85      0.54     11.53      0.52
 2011      0.37        2.15      1.79     -2.52      0.27
 2012     -7.24       -5.75      1.50     -5.13      0.58
 2013    -16.46      -14.74      1.72     -1.33      0.96
 2014      1.23        2.37      1.14      9.79      1.22
 2015     -4.68       -3.94      0.74    -15.08      0.67
 2016     -0.45        0.85      1.30      3.70      1.49
 2017      4.35        5.66      1.31      1.60      1.15
 2018     -8.17       -7.16      1.02      0.50      1.49
 2019     -1.40        0.06      1.46     -1.27      1.28
 2020      2.18        3.83      1.65      9.28      1.51
 2021     -0.99        0.14      1.13     -5.72      1.71
 2022      0.71        2.19      1.48     -3.62      2.02
 2023     -2.72       -0.85      1.86      4.06      2.20
 2024     -5.55       -3.57      1.98     -4.48      1.83
 2025     -0.65        1.23      1.88      1.38      1.22
 2026     -9.97       -8.99      0.98     10.89      1.26

-> out/dividend_stats.json
