====================================================================================================
样本: 月度 2005-02 ~ 2026-08 (259 个月) | 品种 ['中证红利', '上证红利', '300红利', '国企红利', '央企红利', '红利低波', '红利低波100', '沪深300', '中证500', '中证1000', '上证指数']
====================================================================================================

【1】红利族 分红贡献(全收益-价格) 的月份分布  [单位 %]
  月          全样本    2006-2014    2015-2023    2024-2026
  1        0.034        0.003        0.000        0.229
  2        0.016        0.014        0.004        0.057
  3        0.010        0.010        0.012        0.009
  4        0.116        0.135        0.088        0.106
  5        0.434        0.399        0.440        0.419
  6        1.329        1.219        1.359        1.444
  7        1.322        0.715        1.907        1.531
  8        0.169        0.131        0.201        0.181
  9        0.099        0.069        0.093        0.286
 10        0.039        0.001        0.044        0.202
 11        0.020        0.002        0.011        0.152
 12        0.018        0.001        0.006        0.154
  全样本 全年合计 3.61%  6+7月占比 73.5%
  2006-2014 全年合计 2.70%  6+7月占比 71.7%
  2015-2023 全年合计 4.17%  6+7月占比 78.4%
  2024-2026 全年合计 4.77%  6+7月占比 62.4%

--- 各红利指数 年化分红率(全样本) ---
  中证红利         年化  3.57%   6+7月占全年分红  68.4%
  上证红利         年化  3.95%   6+7月占全年分红  71.6%
  300红利        年化  3.81%   6+7月占全年分红  75.1%
  国企红利         年化  3.71%   6+7月占全年分红  74.0%
  央企红利         年化  3.49%   6+7月占全年分红  79.8%
  红利低波         年化  3.78%   6+7月占全年分红  73.3%
  红利低波100      年化  3.36%   6+7月占全年分红  72.6%

【2】红利族平均 12 月效应: 价格口径 vs 全收益口径
  月      价格%      全收益%      分红%       除息贡献占比     价格胜率%      全收益胜率%
  1     1.12      1.30    0.034            -      53.7        55.1
  2     3.34      3.36    0.016            -      76.6        76.6
  3     1.06      1.07    0.010            -      59.1        59.1
  4     2.92      3.03    0.116            -      50.6        51.9
  5     0.62      1.06    0.434            -      51.3        55.8
  6    -4.01     -2.68    1.329          33%      30.5        50.0
  7     2.29      3.61    1.322            -      55.8        63.6
  8    -1.04     -0.87    0.169          16%      50.6        52.6
  9     1.25      1.35    0.099            -      56.5        58.5
 10    -0.48     -0.44    0.039           8%      55.1        56.5
 11     2.44      2.46    0.020            -      59.9        60.5
 12     3.42      3.44    0.018            -      53.1        53.1

【3】红利族相对沪深300全收益 的超额(剔市场共性)
  1月+1.18%  2月+0.73%  3月+1.50%  4月+0.00%  5月+0.46%  6月-2.23%  7月+1.60%  8月+0.20%  9月+0.18%  10月-0.71%  11月+1.05%  12月-0.36%

【4】6 月收益分解 (红利族平均, 全样本)
  价格口径 6 月: -4.01%
    = 全收益口径 -2.68%  -  分红 +1.33%
  全收益 6 月 vs 沪深300全收益 6 月(-0.41%) -> 超额 -2.27%
  沪深300 6 月(-0.41%) vs 全年月度均值(+1.07%) -> 市场共性 -1.48%

【5】隔夜跳空检验: open_t/close_{t-1}-1 vs 日内 close_t/open_t-1
     除息会让指数在除息日'低开', 故红利相对沪深300 的隔夜差 = 除息强度
  月        隔夜超额(月化)%        日内超额(月化)%      合计%
  1            -0.06             1.38     1.32
  2            -0.04             0.98     0.94
  3             0.03             1.43     1.46
  4            -0.67             0.55    -0.12
  5            -0.41             0.66     0.25
  6            -0.55            -2.50    -3.05
  7            -0.43             1.28     0.85
  8             0.40            -0.14     0.26
  9             0.15             0.19     0.34
 10            -0.20            -0.77    -0.97
 11             0.20             0.88     1.08
 12             0.24            -0.64    -0.40

  * 6月: 隔夜超额 -0.55% 日内超额 -2.50%  -> 除息低开后当日被'填权'买回

【6】各红利指数 价格口径 12 月效应速览
  中证红利       1月+0.9(57%) | 2月+3.5(77%) | 3月+0.6(55%) | 4月+2.8(50%) | 5月+0.5(50%) | 6月-3.6(36%) | 7月+2.3(55%) | 8月-1.1(59%) | 9月+1.1(52%) | 10月-0.5(52%) | 11月+2.3(62%) | 12月+3.2(57%)
  上证红利       1月+0.7(57%) | 2月+2.9(77%) | 3月+0.5(55%) | 4月+2.6(55%) | 5月-0.1(45%) | 6月-3.7(36%) | 7月+2.1(59%) | 8月-0.9(45%) | 9月+1.0(57%) | 10月-0.6(57%) | 11月+2.1(52%) | 12月+3.2(52%)
  300红利      1月+1.8(62%) | 2月+3.3(77%) | 3月+0.4(50%) | 4月+2.7(50%) | 5月+0.3(50%) | 6月-3.2(50%) | 7月+2.2(50%) | 8月-1.5(50%) | 9月+1.6(62%) | 10月-0.3(57%) | 11月+1.9(52%) | 12月+4.0(57%)
  国企红利       1月+1.5(52%) | 2月+3.8(77%) | 3月+1.0(59%) | 4月+2.7(55%) | 5月+0.5(55%) | 6月-4.1(18%) | 7月+2.2(59%) | 8月-0.8(55%) | 9月+1.0(62%) | 10月-0.7(52%) | 11月+2.5(62%) | 12月+3.4(52%)
  央企红利       1月+1.7(57%) | 2月+3.3(77%) | 3月+0.4(68%) | 4月+3.1(45%) | 5月+0.3(50%) | 6月-4.7(18%) | 7月+2.7(55%) | 8月-1.0(55%) | 9月+1.6(57%) | 10月-0.7(52%) | 11月+2.4(52%) | 12月+4.2(52%)
  红利低波       1月+0.8(45%) | 2月+3.3(81%) | 3月+2.3(67%) | 4月+3.6(52%) | 5月+1.7(57%) | 6月-4.7(33%) | 7月+1.9(57%) | 8月-0.8(48%) | 9月+1.3(65%) | 10月-0.5(65%) | 11月+3.0(75%) | 12月+2.8(55%)
  红利低波100    1月+0.4(50%) | 2月+3.3(76%) | 3月+2.3(67%) | 4月+3.1(52%) | 5月+1.2(57%) | 6月-4.2(24%) | 7月+2.7(62%) | 8月-1.2(48%) | 9月+1.2(45%) | 10月-0.0(55%) | 11月+2.8(70%) | 12月+3.2(50%)

【7】中证红利 逐年 6 月 & 分红贡献
  2005:+2/1.8 2006:+1/1.7 2007:-6/0.7 2008:-25/0.7 2009:+9/0.8 2010:-9/0.5 2011:+0/1.8 2012:-7/1.5 2013:-16/1.7 2014:+1/1.1 2015:-5/0.7 2016:-0/1.3 2017:+4/1.3 2018:-8/1.0 2019:-1/1.5 2020:+2/1.6 2021:-1/1.1 2022:+1/1.5 2023:-3/1.9 2024:-6/2.0 2025:-1/1.9 2026:-10/1.0
  (格式: 年份:6月价格收益%/当月分红%)
  6月价格下跌年数 14/22 (64%), 其中分红>1%的年份 9 年

【8】分红落袋的日历分布(日度全收益-价格, 按旬累计, 单位 %)
  月     上旬(1-10)     中旬(11-20)      下旬(21-末)       月合计
  1        0.007         0.009         0.014     0.030
  2        0.008         0.005         0.002     0.015
  3        0.001         0.002         0.007     0.010
  4        0.020         0.033         0.062     0.115
  5        0.054         0.141         0.244     0.439
  6        0.323         0.487         0.560     1.370
  7        0.496         0.581         0.214     1.292
  8        0.073         0.055         0.040     0.168
  9        0.009         0.056         0.031     0.096
 10        0.000         0.019         0.019     0.039
 11        0.006         0.008         0.006     0.020
 12        0.004         0.011         0.002     0.017
  除息最密集的时段: 7月中旬 0.58%, 6月下旬 0.56%, 7月上旬 0.50%, 6月中旬 0.49%, 6月上旬 0.32%, 5月下旬 0.24%

【9】6 月内路径: 各旬收益(价格 vs 全收益)
       旬       价格%       全收益%     差(分红)%
      上旬     -0.37      -0.04       0.33
      中旬     -2.20      -1.73       0.47
      下旬     -1.51      -0.95       0.56

-> out/div2.json
