【1】7 个红利指数 6 月效应显著性(价格口径, 2005-2026)
指数               6月均值%     月份数     胜率%     t(去年度)       p值      最差年%
中证红利             -3.60      22    36.4      -3.45        0     -25.1
上证红利             -3.70      22    36.4      -3.14        0     -26.8
300红利            -3.17      22    50.0      -2.88        0     -25.2
国企红利             -4.13      22    18.2      -3.58        0     -26.9
央企红利             -4.70      22    18.2      -3.62        0     -27.7
红利低波             -4.65      21    33.3      -3.83        0     -25.2
红利低波100          -4.16      21    23.8      -3.44        0     -23.9
  -> 7/7 个指数 6 月均为负, 平均 -4.01%, 平均胜率 30.9%

【2】逐年 6 月: 红利族 avg 价格 / 全收益 / 沪深300全收益 / 超额
    年      红利价格%       红利全收益%       沪深300全收益%      超额%
 2005       1.04         2.91            2.66     0.25
 2006       0.78         2.58            2.90    -0.33
 2007     -12.33       -11.66           -3.87    -7.78
 2008     -25.83       -25.11          -22.34    -2.76
 2009       7.17         8.09           15.30    -7.21
 2010      -9.04        -8.35           -7.32    -1.04
 2011      -1.12         0.65            2.23    -1.58
 2012      -6.46        -5.00           -5.55     0.55
 2013     -15.83       -14.29          -14.65     0.36
 2014       0.21         1.59            1.31     0.28
 2015      -1.43        -0.70           -7.24     6.54
 2016      -0.91         0.38            0.15     0.23
 2017       3.22         4.59            5.59    -1.00
 2018      -7.75        -6.72           -6.99     0.27
 2019      -0.52         0.86            6.06    -5.19
 2020       1.02         2.88            8.48    -5.60
 2021      -2.06        -0.61           -1.48     0.86
 2022       0.31         1.76           10.43    -8.67
 2023      -2.54        -0.88            2.13    -3.00
 2024      -4.59        -2.95           -2.52    -0.43
 2025       0.04         1.64            3.31    -1.68
 2026     -10.12        -9.02            2.32   -11.34

  6月超额: 均值 -2.19%  中位 -1.02%  胜率 36%  t=-2.57  p=0.018  样本 22 年
  即: 6月红利跑赢沪深300 的年份仅 8/22 年

【3】全市场 81 品种的月份共性(来自既有季节性库, 2000-2026)
  月      均值%      中位%      去年度%     胜率%      t
  1    -0.70     0.19     -0.86    50.0  -0.68
  2     3.43     2.42      2.78    77.8   2.94
  3     0.47     0.33     -0.06    51.9  -0.05
  4     1.53    -0.79      0.67    48.1   0.63
  5     0.20     0.19     -0.40    51.9  -0.41
  6    -1.00     0.27     -1.31    51.9  -0.91
  7     1.03     1.01      0.47    55.6   0.35
  8    -0.94    -0.30     -1.33    48.1  -1.00
  9     0.19     0.47     -0.59    53.8  -0.54
 10    -0.41     0.01     -0.70    50.0  -0.70
 11     1.28     1.59      0.64    61.5   0.44
 12     1.44    -0.64      0.66    46.2   0.61

【4】6 月表现对比: 成长风格 vs 红利(2005-2026, 价格口径)
  成长风格     6月平均   3.01%  (含 5 个指数)
  红利风格     6月平均  -2.80%  (含 3 个指数)
  大盘宽基     6月平均  -1.35%  (含 3 个指数)
  周期资源     6月平均  -2.17%  (含 3 个指数)

-> out/div3.json
