[  1/130] 半导体设备            +7.16%  低点2026-08-03→反弹+14.81%
[  2/130] 集成电路封测          +16.21%  低点2026-08-03→反弹+21.56%
[  3/130] 电子化学品Ⅲ          +16.67%  低点2026-08-03→反弹+20.83%
[  4/130] 电子化学品Ⅱ          +16.67%  低点2026-08-03→反弹+20.83%
[  5/130] 半导体材料           +15.03%  低点2026-08-03→反弹+20.59%
[  6/130] 半导体              +9.07%  低点2026-08-03→反弹+12.93%
[  7/130] 数字芯片设计           +1.42%  低点2026-08-03→反弹 +4.27%
[  8/130] 元件              +41.79%  低点2026-08-03→反弹+43.56%
[  9/130] 被动元件            +14.33%  低点2026-08-03→反弹+15.95%
[ 10/130] 模拟芯片设计          +12.85%  低点2026-08-03→反弹+14.81%
[ 11/130] 电子              +14.33%  低点2026-08-03→反弹+15.99%
[ 12/130] 集成电路制造           +1.00%  低点2026-08-03→反弹 +5.48%
[ 13/130] 通信终端及配件         +13.21%  低点2026-07-31→反弹+13.21%
[ 14/130] 光学元件            +14.42%  低点2026-08-03→反弹+14.52%
[ 15/130] 面板              +11.00%  低点2026-07-31→反弹+11.00%
[ 16/130] 通信线缆及配套         +39.05%  低点2026-07-31→反弹+39.05%
[ 17/130] 光学光电子           +10.40%  低点2026-07-31→反弹+10.40%
[ 18/130] 通信网络设备及器件       +25.36%  低点2026-07-31→反弹+25.36%
[ 19/130] 通信设备            +20.83%  低点2026-07-31→反弹+20.83%
[ 20/130] 机器人              -1.04%  低点2026-09-15→反弹 +0.00%
[ 21/130] 品牌消费电子           +0.92%  低点2026-08-19→反弹 +1.66%
[ 22/130] 通信              +15.43%  低点2026-07-31→反弹+15.43%
[ 23/130] 其他电子Ⅲ           +12.53%  低点2026-08-03→反弹+12.94%
[ 24/130] 其他电子Ⅱ           +12.53%  低点2026-08-03→反弹+12.94%
[ 25/130] 横向通用软件           +3.33%  低点2026-08-24→反弹 +5.74%
[ 26/130] 消费电子            +10.68%  低点2026-07-31→反弹+10.68%
[ 27/130] 消费电子零部件及组装      +11.92%  低点2026-07-31→反弹+11.92%
[ 28/130] LED            失败
[ 29/130] 通信工程及服务        失败
[ 30/130] 软件开发           失败
[ 31/130] 游戏Ⅲ            失败
[ 32/130] 游戏Ⅱ            失败
[ 33/130] 垂直应用软件         失败
